Testing Error-1
Testing Error-2
Testing Error-3
Testing Error-4
Testing Error-5